[headless] input=/workspace/java/demo/output/ECUConfigurationParameters.arxml
[headless] metamodel packages initialized
[headless] root=AUTOSAR objects=57154
!SESSION 2026-07-09 12:23:07.661 -----------------------------------------------
eclipse.buildId=unknown
java.version=1.8.0_482
java.vendor=Temurin
BootLoader constants: OS=linux, ARCH=x86_64, WS=gtk, NL=en
Framework arguments:  -application com.example.arxml.validation.headless.arxmlValidationApp -input /workspace/java/demo/output/ECUConfigurationParameters.arxml
Command-line arguments:  -application com.example.arxml.validation.headless.arxmlValidationApp -input /workspace/java/demo/output/ECUConfigurationParameters.arxml -consoleLog

!ENTRY org.eclipse.emf.validation 2 80 2026-07-09 12:23:12.345
!MESSAGE The constraint "ReferenceParamDefBasicConstraint" is disabled.  It will not be evaluated.
!STACK 0
org.eclipse.emf.ecore.resource.impl.ResourceSetImpl$1DiagnosticWrappedException: java.net.MalformedURLException: unknown protocol: ar
	at org.eclipse.emf.ecore.resource.impl.ResourceSetImpl.handleDemandLoadException(ResourceSetImpl.java:319)
	at org.eclipse.emf.ecore.resource.impl.ResourceSetImpl.demandLoadHelper(ResourceSetImpl.java:278)
	at org.eclipse.emf.ecore.resource.impl.ResourceSetImpl.getResource(ResourceSetImpl.java:406)
	at org.eclipse.emf.ecore.resource.impl.ResourceSetImpl.getEObject(ResourceSetImpl.java:220)
	at org.eclipse.sphinx.emf.ecore.proxymanagement.ProxyResolutionBehavior.eResolveProxyInResourceSet(ProxyResolutionBehavior.java:63)
	at org.eclipse.sphinx.emf.ecore.proxymanagement.ProxyResolutionBehavior.eResolveProxy(ProxyResolutionBehavior.java:47)
	at org.eclipse.sphinx.emf.ecore.ExtendedMinimalEObjectImpl.eResolveProxy(ExtendedMinimalEObjectImpl.java:28)
	at autosar40.ecucparameterdef.impl.EcucReferenceDefImpl.getDestination(EcucReferenceDefImpl.java:148)
	at autosar40.ecucparameterdef.impl.EcucReferenceDefImpl.gGetRefDestination(EcucReferenceDefImpl.java:108)
	at org.artop.aal.gautosar.constraints.ecuc.GReferenceDefBasicConstraint.doValidate(GReferenceDefBasicConstraint.java:38)
	at org.artop.aal.validation.constraints.AbstractModelConstraintWithPrecondition.validate(AbstractModelConstraintWithPrecondition.java:36)
	at org.eclipse.emf.validation.internal.util.JavaConstraintParser$ConstraintAdapter.validate(JavaConstraintParser.java:80)
	at org.eclipse.emf.validation.service.AbstractConstraintProvider$ConstraintProxy.validate(AbstractConstraintProvider.java:119)
	at org.eclipse.emf.validation.internal.service.AbstractValidator.evaluateConstraints(AbstractValidator.java:241)
	at org.eclipse.emf.validation.internal.service.BatchValidator.validate(BatchValidator.java:264)
	at org.eclipse.emf.validation.internal.service.BatchValidator.validate(BatchValidator.java:211)
	at org.eclipse.emf.validation.internal.service.BatchValidator.doValidate(BatchValidator.java:149)
	at org.eclipse.emf.validation.internal.service.AbstractValidator.validate(AbstractValidator.java:147)
	at org.eclipse.emf.validation.internal.service.AbstractValidator.validate(AbstractValidator.java:126)
	at org.eclipse.emf.validation.internal.service.BatchValidator.validate(BatchValidator.java:117)
	at com.example.arxml.validation.headless.ArxmlValidationApplication.start(ArxmlValidationApplication.java:112)
	at org.eclipse.equinox.internal.app.EclipseAppHandle.run(EclipseAppHandle.java:203)
	at org.eclipse.core.runtime.internal.adaptor.EclipseAppLauncher.runApplication(EclipseAppLauncher.java:137)
	at org.eclipse.core.runtime.internal.adaptor.EclipseAppLauncher.start(EclipseAppLauncher.java:107)
	at org.eclipse.core.runtime.adaptor.EclipseStarter.run(EclipseStarter.java:400)
	at org.eclipse.core.runtime.adaptor.EclipseStarter.run(EclipseStarter.java:255)
	at sun.reflect.NativeMethodAccessorImpl.invoke0(Native Method)
	at sun.reflect.NativeMethodAccessorImpl.invoke(NativeMethodAccessorImpl.java:62)
	at sun.reflect.DelegatingMethodAccessorImpl.invoke(DelegatingMethodAccessorImpl.java:43)
	at java.lang.reflect.Method.invoke(Method.java:498)
	at org.eclipse.equinox.launcher.Main.invokeFramework(Main.java:660)
	at org.eclipse.equinox.launcher.Main.basicRun(Main.java:597)
	at org.eclipse.equinox.launcher.Main.run(Main.java:1468)
	at org.eclipse.equinox.launcher.Main.main(Main.java:1441)
Caused by: java.net.MalformedURLException: unknown protocol: ar
	at java.net.URL.<init>(URL.java:618)
	at java.net.URL.<init>(URL.java:508)
	at java.net.URL.<init>(URL.java:457)
	at org.eclipse.emf.ecore.resource.impl.URIHandlerImpl.createInputStream(URIHandlerImpl.java:199)
	at org.eclipse.emf.ecore.resource.impl.ExtensibleURIConverterImpl.createInputStream(ExtensibleURIConverterImpl.java:360)
	at org.eclipse.emf.ecore.resource.impl.ResourceImpl.load(ResourceImpl.java:1314)
	at org.eclipse.emf.ecore.resource.impl.ResourceSetImpl.demandLoad(ResourceSetImpl.java:259)
	at org.eclipse.emf.ecore.resource.impl.ResourceSetImpl.demandLoadHelper(ResourceSetImpl.java:274)
	... 32 more

!ENTRY org.eclipse.emf.validation 2 80 2026-07-09 12:23:12.604
!MESSAGE The constraint "org.artop.aal.autosar40.constraints.ecuc.EcucParamConfContainerDefConfigParameterMissingConstraint_40" is disabled.  It will not be evaluated.
!STACK 0
java.lang.NullPointerException
	at org.artop.aal.gautosar.constraints.ecuc.GParamConfContainerDefConfigParameterMissingConstraint.doValidate(GParamConfContainerDefConfigParameterMissingConstraint.java:47)
	at org.artop.aal.validation.constraints.AbstractModelConstraintWithPrecondition.validate(AbstractModelConstraintWithPrecondition.java:36)
	at org.eclipse.emf.validation.internal.util.JavaConstraintParser$ConstraintAdapter.validate(JavaConstraintParser.java:80)
	at org.eclipse.emf.validation.internal.service.AbstractValidator.evaluateConstraints(AbstractValidator.java:241)
	at org.eclipse.emf.validation.internal.service.BatchValidator.validate(BatchValidator.java:264)
	at org.eclipse.emf.validation.internal.service.BatchValidator.validate(BatchValidator.java:211)
	at org.eclipse.emf.validation.internal.service.BatchValidator.doValidate(BatchValidator.java:149)
	at org.eclipse.emf.validation.internal.service.AbstractValidator.validate(AbstractValidator.java:147)
	at org.eclipse.emf.validation.internal.service.AbstractValidator.validate(AbstractValidator.java:126)
	at org.eclipse.emf.validation.internal.service.BatchValidator.validate(BatchValidator.java:117)
	at com.example.arxml.validation.headless.ArxmlValidationApplication.start(ArxmlValidationApplication.java:112)
	at org.eclipse.equinox.internal.app.EclipseAppHandle.run(EclipseAppHandle.java:203)
	at org.eclipse.core.runtime.internal.adaptor.EclipseAppLauncher.runApplication(EclipseAppLauncher.java:137)
	at org.eclipse.core.runtime.internal.adaptor.EclipseAppLauncher.start(EclipseAppLauncher.java:107)
	at org.eclipse.core.runtime.adaptor.EclipseStarter.run(EclipseStarter.java:400)
	at org.eclipse.core.runtime.adaptor.EclipseStarter.run(EclipseStarter.java:255)
	at sun.reflect.NativeMethodAccessorImpl.invoke0(Native Method)
	at sun.reflect.NativeMethodAccessorImpl.invoke(NativeMethodAccessorImpl.java:62)
	at sun.reflect.DelegatingMethodAccessorImpl.invoke(DelegatingMethodAccessorImpl.java:43)
	at java.lang.reflect.Method.invoke(Method.java:498)
	at org.eclipse.equinox.launcher.Main.invokeFramework(Main.java:660)
	at org.eclipse.equinox.launcher.Main.basicRun(Main.java:597)
	at org.eclipse.equinox.launcher.Main.run(Main.java:1468)
	at org.eclipse.equinox.launcher.Main.main(Main.java:1441)
load_ms=1168 validate_ms=404 errors=86 warnings=0 total_diags=88
[headless] status severity=ERROR children=44
  [ERROR] code=10003 Could not resolve destination /AUTOSAR/EcucDefs/ArtiOs/ArtiOsIsrInstance
  [ERROR] code=10003 Could not resolve destination /AUTOSAR/EcucDefs/ArtiOs/ArtiOsTaskInstance
  [ERROR] code=10003 Could not resolve destination /AUTOSAR/EcucDefs/Arti/ArtiStates/ArtiTaskState
  [ERROR] code=10003 Could not resolve destination /AUTOSAR/EcucDefs/Os/OsAppMode
  [ERROR] code=10003 Could not resolve destination /AUTOSAR/EcucDefs/BswM/BswMConfig/BswMArbitration/BswMLogicalExpression
  [ERROR] code=10003 Could not resolve destination /AUTOSAR/EcucDefs/BswM/BswMConfig/BswMArbitration/BswMModeCondition
  [ERROR] code=10003 Could not resolve destination /AUTOSAR/EcucDefs/BswM/BswMConfig/BswMArbitration/BswMEventRequestPort
  [ERROR] code=10003 Could not resolve destination /AUTOSAR/EcucDefs/BswM/BswMConfig/BswMArbitration/BswMModeRequestPort
  [ERROR] code=10003 Could not resolve destination /AUTOSAR/EcucDefs/BswM/BswMConfig/BswMModeControl/BswMAction
  [ERROR] code=10003 Could not resolve destination /AUTOSAR/EcucDefs/BswM/BswMConfig/BswMModeControl/BswMActionList
  [ERROR] code=10003 Could not resolve destination /AUTOSAR/EcucDefs/BswM/BswMConfig/BswMArbitration/BswMRule
  [ERROR] code=10003 Could not resolve destination /AUTOSAR/EcucDefs/Dio/DioConfig/DioPort/DioChannel
  [ERROR] code=10003 Could not resolve destination /AUTOSAR/EcucDefs/Dio/DioConfig/DioPort/DioChannelGroup
  [ERROR] code=10003 Could not resolve destination /AUTOSAR/EcucDefs/Dio/DioConfig/DioPort
  [ERROR] code=0 Default value is not a common programming language identifier
  [ERROR] code=10003 Could not resolve destination /AUTOSAR/EcucDefs/Com/ComConfig/ComSignalGroup/ComGroupSignal
  [ERROR] code=10003 Could not resolve destination /AUTOSAR/EcucDefs/Com/ComConfig/ComSignal
  [ERROR] code=10003 Could not resolve destination /AUTOSAR/EcucDefs/Com/ComConfig/ComSignalGroup/ComGroupSignal
  [ERROR] code=10003 Could not resolve destination /AUTOSAR/EcucDefs/Com/ComConfig/ComSignal
  [ERROR] code=10003 Could not resolve destination /AUTOSAR/EcucDefs/Com/ComConfig/ComMainFunctionRx
