[headless] input=/workspace/java/demo/output/ECUConfigurationParameters.arxml
[headless] metamodel packages initialized
[headless] root=AUTOSAR objects=57154
[headless] validate(EObject,monitor) failed, retrying validate(EObject): java.lang.NoClassDefFoundError: org/artop/aal/autosar40/gautosar40/ecucparameterdef/GEcucIntegerParamDef40XAdapter
!SESSION 2026-07-09 12:18:46.204 -----------------------------------------------
eclipse.buildId=unknown
java.version=1.8.0_482
java.vendor=Temurin
BootLoader constants: OS=linux, ARCH=x86_64, WS=gtk, NL=en
Framework arguments:  -application com.example.arxml.validation.headless.arxmlValidationApp -input /workspace/java/demo/output/ECUConfigurationParameters.arxml
Command-line arguments:  -application com.example.arxml.validation.headless.arxmlValidationApp -input /workspace/java/demo/output/ECUConfigurationParameters.arxml -consoleLog -clean

!ENTRY org.eclipse.osgi 4 0 2026-07-09 12:18:51.128
!MESSAGE Application error
!STACK 1
java.lang.NoClassDefFoundError: org/artop/aal/autosar40/gautosar40/ecucparameterdef/GEcucIntegerParamDef40XAdapter
	at org.artop.aal.autosar40.constraints.ecuc.EcucIntegerParamDefDefaultValueConstraint.isDefaultValueSet(EcucIntegerParamDefDefaultValueConstraint.java:59)
	at org.artop.aal.gautosar.constraints.ecuc.AbstractGIntegerParamDefDefaultValueConstraint.doValidate(AbstractGIntegerParamDefDefaultValueConstraint.java:46)
	at org.artop.aal.validation.constraints.AbstractModelConstraintWithPrecondition.validate(AbstractModelConstraintWithPrecondition.java:36)
	at org.eclipse.emf.validation.internal.util.JavaConstraintParser$ConstraintAdapter.validate(JavaConstraintParser.java:80)
	at org.eclipse.emf.validation.service.AbstractConstraintProvider$ConstraintProxy.validate(AbstractConstraintProvider.java:119)
	at org.eclipse.emf.validation.internal.service.AbstractValidator.evaluateConstraints(AbstractValidator.java:241)
	at org.eclipse.emf.validation.internal.service.BatchValidator.validate(BatchValidator.java:264)
	at org.eclipse.emf.validation.internal.service.BatchValidator.validate(BatchValidator.java:211)
	at org.eclipse.emf.validation.internal.service.BatchValidator.doValidate(BatchValidator.java:149)
	at org.eclipse.emf.validation.internal.service.AbstractValidator.validate(AbstractValidator.java:147)
	at org.eclipse.emf.validation.internal.service.AbstractValidator.validate(AbstractValidator.java:126)
	at org.eclipse.emf.validation.internal.service.BatchValidator.validate(BatchValidator.java:1)
	at com.example.arxml.validation.headless.ArxmlValidationApplication.start(ArxmlValidationApplication.java:115)
	at org.eclipse.equinox.internal.app.EclipseAppHandle.run(EclipseAppHandle.java:203)
	at org.eclipse.core.runtime.internal.adaptor.EclipseAppLauncher.runApplication(EclipseAppLauncher.java:137)
	at org.eclipse.core.runtime.internal.adaptor.EclipseAppLauncher.start(EclipseAppLauncher.java:107)
	at org.eclipse.core.runtime.adaptor.EclipseStarter.run(EclipseStarter.java:400)
	at org.eclipse.core.runtime.adaptor.EclipseStarter.run(EclipseStarter.java:255)
	at sun.reflect.NativeMethodAccessorImpl.invoke0(Native Method)
	at sun.reflect.NativeMethodAccessorImpl.invoke(NativeMethodAccessorImpl.java:62)
	at sun.reflect.DelegatingMethodAccessorImpl.invoke(DelegatingMethodAccessorImpl.java:43)
	at java.lang.reflect.Method.invoke(Method.java:498)
	at org.eclipse.equinox.launcher.Main.invokeFramework(Main.java:660)
	at org.eclipse.equinox.launcher.Main.basicRun(Main.java:597)
	at org.eclipse.equinox.launcher.Main.run(Main.java:1468)
	at org.eclipse.equinox.launcher.Main.main(Main.java:1441)
An error has occurred. See the log file
/workspace/artop/workspace/.metadata/.log.
